# 1.10.15.查看内存命令？.md

1. 显示Java堆详细信息
   jmap -heap 19318

Heap Configuration:
   MinHeapFreeRatio         = 0
   MaxHeapFreeRatio         = 100
   MaxHeapSize              = 1073741824 (1024.0MB)
   NewSize                  = 89128960 (85.0MB)
   MaxNewSize               = 357564416 (341.0MB)
   OldSize                  = 179306496 (171.0MB)
   NewRatio                 = 2
   SurvivorRatio            = 8
   MetaspaceSize            = 21807104 (20.796875MB)
   CompressedClassSpaceSize = 1073741824 (1024.0MB)
   MaxMetaspaceSize         = 17592186044415 MB
   G1HeapRegionSize         = 0 (0.0MB)

Heap Usage:
PS Young Generation
Eden Space:
   capacity = 55574528 (53.0MB)
   used     = 23613064 (22.51917266845703MB)
   free     = 31961464 (30.48082733154297MB)
   42.48900503482459% used
From Space:
   capacity = 16777216 (16.0MB)
   used     = 13817904 (13.177780151367188MB)
   free     = 2959312 (2.8222198486328125MB)
   82.36112594604492% used
To Space:
   capacity = 16777216 (16.0MB)
   used     = 0 (0.0MB)
   free     = 16777216 (16.0MB)
   0.0% used
PS Old Generation
   capacity = 650117120 (620.0MB)
   used     = 324725304 (309.6821823120117MB)
   free     = 325391816 (310.3178176879883MB)
   49.948739082582534% used

21569 interned Strings occupying 2538768 bytes

2. jstat -gcutil 19318
   分析java堆内存回收

S0     S1     E      O      M     CCS    YGC     YGCT    FGC    FGCT     GCT   
0.00  82.36  48.24  49.95  90.73  82.47    745   14.547     4    1.695   16.242